// Jest Snapshot v1, https://goo.gl/fbAQLP

exports[`Testing A component matches A snapshot 1`] = `ReactWrapper {}`;
