// Jest Snapshot v1, https://goo.gl/fbAQLP

exports[`Testing Audio component matches Audio snapshot 1`] = `ReactWrapper {}`;
