// Jest Snapshot v1, https://goo.gl/fbAQLP

exports[`Testing BackgroundImage component matches BackgroundImage snapshot 1`] = `ReactWrapper {}`;
