// Jest Snapshot v1, https://goo.gl/fbAQLP

exports[`Testing Button component matches Button snapshot 1`] = `ReactWrapper {}`;
