// Jest Snapshot v1, https://goo.gl/fbAQLP

exports[`Testing Canvas component matches Canvas snapshot 1`] = `ReactWrapper {}`;
