// Jest Snapshot v1, https://goo.gl/fbAQLP

exports[`Testing CheckBox component matches CheckBox snapshot 1`] = `ReactWrapper {}`;

exports[`Testing CheckBox component matches CheckBoxWithFieldLabel snapshot 1`] = `ReactWrapper {}`;
