// Jest Snapshot v1, https://goo.gl/fbAQLP

exports[`Testing ChildGrid component matches ChildGrid snapshot 1`] = `ReactWrapper {}`;
