// Jest Snapshot v1, https://goo.gl/fbAQLP

exports[`Testing ColorInput component matches ColorInput snapshot 1`] = `ReactWrapper {}`;
