// Jest Snapshot v1, https://goo.gl/fbAQLP

exports[`Testing ColumnContainer component matches ColumnContainer snapshot 1`] = `ReactWrapper {}`;
