// Jest Snapshot v1, https://goo.gl/fbAQLP

exports[`Testing DateTimeInput component matches DateTimeInput snapshot 1`] = `ReactWrapper {}`;
