// Jest Snapshot v1, https://goo.gl/fbAQLP

exports[`Testing DateInput component matches DateInput snapshot 1`] = `ReactWrapper {}`;
