// Jest Snapshot v1, https://goo.gl/fbAQLP

exports[`Testing FileInput component matches FileInput snapshot 1`] = `ReactWrapper {}`;
