// Jest Snapshot v1, https://goo.gl/fbAQLP

exports[`Testing Footer component matches Footer snapshot 1`] = `ReactWrapper {}`;
