// Jest Snapshot v1, https://goo.gl/fbAQLP

exports[`Testing Grid component matches Grid snapshot 1`] = `ReactWrapper {}`;
