// Jest Snapshot v1, https://goo.gl/fbAQLP

exports[`Testing HR component matches HR snapshot 1`] = `ReactWrapper {}`;
