// Jest Snapshot v1, https://goo.gl/fbAQLP

exports[`Testing Image component matches Image snapshot 1`] = `ReactWrapper {}`;
