// Jest Snapshot v1, https://goo.gl/fbAQLP

exports[`Testing Li component matches Li snapshot 1`] = `ReactWrapper {}`;
