// Jest Snapshot v1, https://goo.gl/fbAQLP

exports[`Testing MonthInput component matches MonthInput snapshot 1`] = `ReactWrapper {}`;
