// Jest Snapshot v1, https://goo.gl/fbAQLP

exports[`Testing ProgressBar component matches ProgressBar snapshot 1`] = `ReactWrapper {}`;
