// Jest Snapshot v1, https://goo.gl/fbAQLP

exports[`Testing RadioButton component matches RadioButton snapshot 1`] = `ReactWrapper {}`;
