// Jest Snapshot v1, https://goo.gl/fbAQLP

exports[`Testing RangeInput component matches RangeInput snapshot 1`] = `ReactWrapper {}`;
