// Jest Snapshot v1, https://goo.gl/fbAQLP

exports[`Testing SocialShare component matches SocialShare snapshot 1`] = `ReactWrapper {}`;
