// Jest Snapshot v1, https://goo.gl/fbAQLP

exports[`Testing Spacer component matches Spacer snapshot 1`] = `ReactWrapper {}`;
