// Jest Snapshot v1, https://goo.gl/fbAQLP

exports[`Testing Table component matches Table snapshot 1`] = `ReactWrapper {}`;
