// Jest Snapshot v1, https://goo.gl/fbAQLP

exports[`Testing Text component matches Text snapshot 1`] = `ReactWrapper {}`;
