// Jest Snapshot v1, https://goo.gl/fbAQLP

exports[`Testing TimeInput component matches TimeInput snapshot 1`] = `ReactWrapper {}`;
