// Jest Snapshot v1, https://goo.gl/fbAQLP

exports[`Testing Typography component matches Typography snapshot 1`] = `ReactWrapper {}`;
