// Jest Snapshot v1, https://goo.gl/fbAQLP

exports[`Testing Ul component matches Ul snapshot 1`] = `ReactWrapper {}`;
