// Jest Snapshot v1, https://goo.gl/fbAQLP

exports[`Testing Video component matches Video snapshot 1`] = `ReactWrapper {}`;
