// Jest Snapshot v1, https://goo.gl/fbAQLP

exports[`Testing WeekInput component matches WeekInput snapshot 1`] = `ReactWrapper {}`;
