// Jest Snapshot v1, https://goo.gl/fbAQLP

exports[`Testing Wrapper component matches Wrapper snapshot 1`] = `ReactWrapper {}`;
